
> email-admin-frontend@1.0.0 start
> react-scripts start

node.exe : (node:16980) 
[DEP0176] DeprecationWarning: 
fs.F_OK is deprecated, use 
fs.constants.F_OK instead
At line:1 char:1
+ & "C:\Program 
Files\nodejs/node.exe" 
"C:\Program 
Files\nodejs/node_mo ...
+ ~~~~~~~~~~~~~~~~~~~~~~~~~~~~
~~~~~~~~~~~~~~~~~~~~~~~~~~~~~~
~~~~~~~~~~~
    + CategoryInfo          : 
    NotSpecified: ((node:169  
  80) [D...ts.F_OK instead:   
 String) [], RemoteExcepti    
on
    + FullyQualifiedErrorId : 
    NativeCommandError
 
(Use `node 
--trace-deprecation ...` to 
show where the warning was 
created)
(node:16980) [DEP_WEBPACK_DEV_
SERVER_ON_AFTER_SETUP_MIDDLEWA
RE] DeprecationWarning: 
'onAfterSetupMiddleware' 
option is deprecated. Please 
use the 'setupMiddlewares' 
option.
(node:16980) [DEP_WEBPACK_DEV_
SERVER_ON_BEFORE_SETUP_MIDDLEW
ARE] DeprecationWarning: 
'onBeforeSetupMiddleware' 
option is deprecated. Please 
use the 'setupMiddlewares' 
option.
Starting the development server...

Compiled successfully!

You can now view email-admin-frontend in the browser.

  Local:            http://localhost:3000
  On Your Network:  http://192.168.1.194:3000

Note that the development build is not optimized.
To create a production build, use npm run build.

webpack compiled [1m[32msuccessfully[39m[22m
Watchpack Error (stats): 
Error: EINVAL: invalid 
argument, lstat 
'C:\hiberfil.sys'
Watchpack Error (stats): 
Error: EINVAL: invalid 
argument, lstat 
'C:\hiberfil.sys'
Compiling...
Compiled with warnings.

[eslint] 
src\components\UserDashboard.js
  Line 30:6:  React Hook useEffect has a missing dependency: 'loadAccounts'. Either include it or remove the dependency array  react-hooks/exhaustive-deps

Search for the keywords to learn more about each warning.
To ignore, add // eslint-disable-next-line to the line before.

[1m[33mWARNING[39m[22m in [1m[eslint] 
src\components\UserDashboard.js
  Line 30:6:  React Hook useEffect has a missing dependency: 'loadAccounts'. Either include it or remove the dependency array  react-hooks/exhaustive-deps

[39m[22m

webpack compiled with [1m[33m1 warning[39m[22m
Compiling...
Compiled with warnings.

[eslint] 
src\components\UserDashboard.js
  Line 30:6:  React Hook useEffect has a missing dependency: 'loadAccounts'. Either include it or remove the dependency array  react-hooks/exhaustive-deps

Search for the keywords to learn more about each warning.
To ignore, add // eslint-disable-next-line to the line before.

[1m[33mWARNING[39m[22m in [1m[eslint] 
src\components\UserDashboard.js
  Line 30:6:  React Hook useEffect has a missing dependency: 'loadAccounts'. Either include it or remove the dependency array  react-hooks/exhaustive-deps

[39m[22m

webpack compiled with [1m[33m1 warning[39m[22m
Compiling...
Compiled with warnings.

[eslint] 
src\components\UserDashboard.js
  Line 30:6:  React Hook useEffect has a missing dependency: 'loadAccounts'. Either include it or remove the dependency array  react-hooks/exhaustive-deps

Search for the keywords to learn more about each warning.
To ignore, add // eslint-disable-next-line to the line before.

[1m[33mWARNING[39m[22m in [1m[eslint] 
src\components\UserDashboard.js
  Line 30:6:  React Hook useEffect has a missing dependency: 'loadAccounts'. Either include it or remove the dependency array  react-hooks/exhaustive-deps

[39m[22m

webpack compiled with [1m[33m1 warning[39m[22m
Compiling...
Compiled with warnings.

[eslint] 
src\components\UserDashboard.js
  Line 30:6:  React Hook useEffect has a missing dependency: 'loadAccounts'. Either include it or remove the dependency array  react-hooks/exhaustive-deps

Search for the keywords to learn more about each warning.
To ignore, add // eslint-disable-next-line to the line before.

[1m[33mWARNING[39m[22m in [1m[eslint] 
src\components\UserDashboard.js
  Line 30:6:  React Hook useEffect has a missing dependency: 'loadAccounts'. Either include it or remove the dependency array  react-hooks/exhaustive-deps

[39m[22m

webpack compiled with [1m[33m1 warning[39m[22m
Watchpack Error (stats): 
Error: EINVAL: invalid 
argument, lstat 
'C:\hiberfil.sys'
Watchpack Error (stats): 
Error: EINVAL: invalid 
argument, lstat 
'C:\hiberfil.sys'
Compiling...
Compiled with warnings.

[eslint] 
src\components\UserDashboard.js
  Line 30:6:  React Hook useEffect has a missing dependency: 'loadAccounts'. Either include it or remove the dependency array  react-hooks/exhaustive-deps

Search for the keywords to learn more about each warning.
To ignore, add // eslint-disable-next-line to the line before.

[1m[33mWARNING[39m[22m in [1m[eslint] 
src\components\UserDashboard.js
  Line 30:6:  React Hook useEffect has a missing dependency: 'loadAccounts'. Either include it or remove the dependency array  react-hooks/exhaustive-deps

[39m[22m

webpack compiled with [1m[33m1 warning[39m[22m
Compiling...
Compiled with warnings.

[eslint] 
src\components\UserDashboard.js
  Line 40:6:  React Hook useEffect has a missing dependency: 'loadAccounts'. Either include it or remove the dependency array                        react-hooks/exhaustive-deps
  Line 53:6:  React Hook useEffect has a missing dependency: 'loadEmailsInBackground'. Either include it or remove the dependency array              react-hooks/exhaustive-deps
  Line 59:6:  React Hook useEffect has missing dependencies: 'loadEmails' and 'selectedAccount'. Either include them or remove the dependency array  react-hooks/exhaustive-deps

Search for the keywords to learn more about each warning.
To ignore, add // eslint-disable-next-line to the line before.

[1m[33mWARNING[39m[22m in [1m[eslint] 
src\components\UserDashboard.js
  Line 40:6:  React Hook useEffect has a missing dependency: 'loadAccounts'. Either include it or remove the dependency array                        react-hooks/exhaustive-deps
  Line 53:6:  React Hook useEffect has a missing dependency: 'loadEmailsInBackground'. Either include it or remove the dependency array              react-hooks/exhaustive-deps
  Line 59:6:  React Hook useEffect has missing dependencies: 'loadEmails' and 'selectedAccount'. Either include them or remove the dependency array  react-hooks/exhaustive-deps

[39m[22m

webpack compiled with [1m[33m1 warning[39m[22m
Compiling...
Compiled with warnings.

[eslint] 
src\components\UserDashboard.js
  Line 40:6:   React Hook useEffect has a missing dependency: 'loadAccounts'. Either include it or remove the dependency array                        react-hooks/exhaustive-deps
  Line 53:6:   React Hook useEffect has a missing dependency: 'loadEmailsInBackground'. Either include it or remove the dependency array              react-hooks/exhaustive-deps
  Line 59:6:   React Hook useEffect has missing dependencies: 'loadEmails' and 'selectedAccount'. Either include them or remove the dependency array  react-hooks/exhaustive-deps
  Line 153:9:  'handleDownloadAttachment' is assigned a value but never used                                                                          no-unused-vars

Search for the keywords to learn more about each warning.
To ignore, add // eslint-disable-next-line to the line before.

[1m[33mWARNING[39m[22m in [1m[eslint] 
src\components\UserDashboard.js
  Line 40:6:   React Hook useEffect has a missing dependency: 'loadAccounts'. Either include it or remove the dependency array                        react-hooks/exhaustive-deps
  Line 53:6:   React Hook useEffect has a missing dependency: 'loadEmailsInBackground'. Either include it or remove the dependency array              react-hooks/exhaustive-deps
  Line 59:6:   React Hook useEffect has missing dependencies: 'loadEmails' and 'selectedAccount'. Either include them or remove the dependency array  react-hooks/exhaustive-deps
  Line 153:9:  'handleDownloadAttachment' is assigned a value but never used                                                                          no-unused-vars

[39m[22m

webpack compiled with [1m[33m1 warning[39m[22m
Compiling...
Compiled with warnings.

[eslint] 
src\components\UserDashboard.js
  Line 40:6:  React Hook useEffect has a missing dependency: 'loadAccounts'. Either include it or remove the dependency array                        react-hooks/exhaustive-deps
  Line 53:6:  React Hook useEffect has a missing dependency: 'loadEmailsInBackground'. Either include it or remove the dependency array              react-hooks/exhaustive-deps
  Line 59:6:  React Hook useEffect has missing dependencies: 'loadEmails' and 'selectedAccount'. Either include them or remove the dependency array  react-hooks/exhaustive-deps

Search for the keywords to learn more about each warning.
To ignore, add // eslint-disable-next-line to the line before.

[1m[33mWARNING[39m[22m in [1m[eslint] 
src\components\UserDashboard.js
  Line 40:6:  React Hook useEffect has a missing dependency: 'loadAccounts'. Either include it or remove the dependency array                        react-hooks/exhaustive-deps
  Line 53:6:  React Hook useEffect has a missing dependency: 'loadEmailsInBackground'. Either include it or remove the dependency array              react-hooks/exhaustive-deps
  Line 59:6:  React Hook useEffect has missing dependencies: 'loadEmails' and 'selectedAccount'. Either include them or remove the dependency array  react-hooks/exhaustive-deps

[39m[22m

webpack compiled with [1m[33m1 warning[39m[22m
Watchpack Error (stats): 
Error: EINVAL: invalid 
argument, lstat 
'C:\swapfile.sys'
